
CONTEXT SUMMARY
===============

* Theory: Set is predicative
  
* Theory: Rewrite rules are not allowed
  
* Axioms:
    compcert.common.Events.inline_assembly_properties
    compcert.common.Events.external_functions_properties
    compcert.common.Events.inline_assembly_sem
    Stdlib.Logic.ProofIrrelevance.proof_irrelevance
    Stdlib.Logic.FunctionalExtensionality.functional_extensionality_dep
    Stdlib.Reals.ClassicalDedekindReals.sig_not_dec
    compcert.common.Events.external_functions_sem
    Stdlib.Reals.ClassicalDedekindReals.sig_forall_dec
    compcert.lib.Axioms.proof_irr
    Stdlib.Logic.Eqdep.Eq_rect_eq.eq_rect_eq
    Stdlib.Logic.Classical_Prop.classic
    compcert.x86_64.Archi.win64
  
* Constants/Inductives relying on type-in-type: <none>
  
* Constants/Inductives relying on unsafe (co)fixpoints: <none>
  
* Inductives whose positivity is assumed:
    ClightCorrect.invalid
  
